
    -----------------------------------------------------------------------
          Psi4: An Open-Source Ab Initio Electronic Structure Package
                               Psi4 1.4a2.dev842 

                         Git: Rev {mbis} b10c7f1 dirty


    D. G. A. Smith, L. A. Burns, A. C. Simmonett, R. M. Parrish,
    M. C. Schieber, R. Galvelis, P. Kraus, H. Kruse, R. Di Remigio,
    A. Alenaizan, A. M. James, S. Lehtola, J. P. Misiewicz, M. Scheurer,
    R. A. Shaw, J. B. Schriber, Y. Xie, Z. L. Glick, D. A. Sirianni,
    J. S. O'Brien, J. M. Waldrop, A. Kumar, E. G. Hohenstein,
    B. P. Pritchard, B. R. Brooks, H. F. Schaefer III, A. Yu. Sokolov,
    K. Patkowski, A. E. DePrince III, U. Bozkaya, R. A. King,
    F. A. Evangelista, J. M. Turney, T. D. Crawford, C. D. Sherrill,
    J. Chem. Phys. 152(18) 184108 (2020). https://doi.org/10.1063/5.0006002

                            Additional Code Authors
    E. T. Seidl, C. L. Janssen, E. F. Valeev, M. L. Leininger,
    J. F. Gonthier, R. M. Richard, H. R. McAlexander, M. Saitow, X. Wang,
    P. Verma, and M. H. Lechner

             Previous Authors, Complete List of Code Contributors,
                       and Citations for Specific Modules
    https://github.com/psi4/psi4/blob/master/codemeta.json
    https://github.com/psi4/psi4/graphs/contributors
    http://psicode.org/psi4manual/master/introduction.html#citing-psifour

    -----------------------------------------------------------------------


    Psi4 started on: Thursday, 23 July 2020 10:58PM

    Process ID: 20125
    Host:       ds4
    PSIDATADIR: /theoryfs2/ds/jiang/p4dev/psi4/objdir/stage/share/psi4
    Memory:     500.0 MiB
    Threads:    6
    
  ==> Input File <==

--------------------------------------------------------------------------
#! MBIS calculation on H2O

charges_ref = psi4.Matrix.from_list([
[-0.61769703312478264],
[0.45335693563341328],
[0.45992179263832167],
[-0.38282429246647176],
[-0.021262962654431838],
[-0.22448675694656561],
[-0.041496556635303605],
[-0.31486075343138165],
[0.14562553525615618],
[0.12096014292334101],
[0.1371368783859015],
[0.12390324007175313],
[0.16151968273139183]   
])

dipoles_ref = psi4.Matrix.from_list([
[-0.096515296980794654, -0.033507553502514005, -0.030643177595638768],
[0.025489073150666869, 0.0014403005510479187, 0.012411709170907888],
[0.052684402147705651, 0.13165431616020321, -0.04425898288709635],
[0.016089618893788103, -0.044389687484479842, 0.040103848779636624],
[0.010715806265527405, 0.018223964573838423, -0.0039392986181938493],
[-0.0047518319862506295, 0.00033405101109967178, -0.0032310094076410038],
[0.0058422826833499633, 0.0052215350323764455, 0.0006843304116663742],
[-0.026747144061487597, 0.0075856371536904294, -0.019826232145515581],
[0.044185990571563034, 0.0015926164271204231, 0.027430384592652953],
[0.025526474007294672, -0.03988192999966321, 0.040303437342178242],
[-0.028047112284551812, -0.047946899642906354, 0.011888368960644958],
[-0.05428238420243249, -0.010748259084085256, -0.02718866065722278],
[-0.018159621468971369, 0.037539370517337252, -0.034397184346686774]
])

quadrupoles_ref = psi4.Matrix.from_list([
[-4.2509465042746104, 0.035693667315733743, 0.022080861665087201, -4.2834588402786871, -0.0085556824723348798, -4.3141344704537898],
[-0.24677558831999236, 0.0015992112471228553, 0.0031478407225056333, -0.2456572238049255, -0.0043966786674526559, -0.25088205009792636],
[-3.7196284096420151, 0.015283495086290495, -0.10134674434996609, -3.5867737369105281, 0.024723339306947364, -3.6478358232764077],
[-5.0523820168200402, -0.037355560803561005, -0.012699826023928752, -5.1624080009491458, 0.083881223086120421, -5.0512176423723334],
[-4.4725219982621569, -0.080962746641620356, -0.045386838352009996, -4.4474348854174099, 0.02812651903394716, -4.3650969925735366],
[-4.8329270879629433, 0.01493240983456191, -0.088437368141794537, -4.7693332842315286, 0.04816832275201563, -4.7906185279870472],
[-4.4381584319083931, -0.031554475377265384, -0.033568496058127742, -4.5332365579328391, 0.090947521220835381, -4.4292680304671341],
[-4.9590638077275182, -0.056329914340706534, -0.050855363836130027, -4.8897079992850889, 0.0089608695587770435, -4.8566054550203912],
[-0.48130544924922797, 0.00057144645774613557, 0.0030408172878285539, -0.46897318043696057, -0.010151859763102095, -0.47838028269514943],
[-0.48260835052689433, 0.010917084731437406, 0.0044251759888602757, -0.4872013077438147, -0.0012160843215467086, -0.49688026951158409],
[-0.47357488802178599, -0.001991945163110308, 0.012065614598454483, -0.48251968731796985, -0.0063889306053157924, -0.4795234868108082],
[-0.49128935225776271, 0.0024667486813550643, 0.0018836456528101525, -0.47708937661255363, -0.010514927928548931, -0.48916013934351715],
[-0.4492939269606927, 0.011416991528711395, 0.0045550112959722999, -0.45342762143273507, -0.0016541585814467488, -0.46382677161276825]
])                                       

octupoles_ref = psi4.Matrix.from_list([
[-0.32048921729120616, 0.04857410845654684, -0.12735912850384395, 0.092322368271778255, -0.043050055506561401, -0.10160187722436814, 0.17584245678876473, -0.092581046108613466, -0.016033110081755408, -0.062596928847073782],
[0.019221384344647097, -0.00074723401755705308, 0.0035173323471614673, 0.0061145416126130907, 0.0011216007890077092, 0.0050965889478059223, 0.00062620274283473748, 0.00032126408310731371, 0.00095819602595121451, 0.011018136165094818],
[0.23453384555159471, 0.059716211392311737, 0.01227567287317698, -0.21145704042365626, 0.10357159835762969, 0.065367514628868029, 0.16140538462694121, 0.0058074391296989367, 0.20923751875122068, -0.20004173562973893],
[-0.081705254379338885, -0.12090206381999612, -0.071901757431731009, 0.26238120826402439, -0.16908178961140499, 0.096522418985676026, 0.10888464024889685, 0.07880897736750038, -0.13465505511877696, 0.28745153489244679],
[0.31601105496046894, 0.00046226704565236181, 0.14474565539978429, -0.17065333597648394, 0.14440496374323961, 0.019882384938982273, -0.21309256578883876, -0.00015758277137256087, 0.094219244770124652, 0.035894025282650226],
[-0.32947092715545978, -0.065805549769464525, -0.12044201174579545, 0.18077578419670484, -0.1507855348372665, -0.01865935777960891, 0.00067347426678596612, 0.068072724346393512, -0.17235640678178579, 0.093392638942566206],
[0.06526808922195293, 0.006729756666855, 0.11034993328927556, -0.25029883655225893, 0.133982282437835, -0.056890084346400242, -0.15654850515891416, -0.083267935928206638, 0.10081650600358348, -0.14498205434265213],
[-0.33127770522731059, 0.071228237741841727, -0.21001922464969569, 0.22387774406638256, -0.15818609248152535, -0.023821040929173056, 0.34124739630166856, 0.029268592269771517, -0.078919817805746223, -0.094983014718558259],
[0.026552169170689435, -0.0053583752569230847, 0.0073412333284420157, 0.011375937864952588, -0.0016275085467026917, 0.010188927627567325, -0.013160443155047235, 0.011656875109142702, -0.0061309388059080762, 0.029316618183019991],
[0.027258924150576725, -0.0089681189627086877, 0.013176608168215271, 0.0022932139854668098, 0.0031859946570779252, 0.0074259129363231525, -0.031393241592276563, 0.0097040802409234152, -0.0067028856648615256, 0.029066276990743774],
[-0.026920950901505567, -0.012299933439366331, 0.00061730840226233619, -0.0026513088625413814, -0.0030543370444441162, -0.0073786926403901368, -0.033358975732263638, 0.0034303083196065231, -0.01487382551975429, 0.01003307466032053],
[-0.0359115005957737, -0.0022175447801982624, -0.0045120486020962334, -0.018603449924894804, 0.0034507555915836343, -0.013991385851153712, -0.010566317030307406, -0.0081610894413234741, 0.00059533645514082598, -0.022431266392374204],
[-0.013297138223180606, 0.0098448966557210405, -0.010974808814148326, -0.00024309183499349014, -0.0020628682761438147, -0.0029252261483450259, 0.031571155792502525, -0.0060142489264465296, 0.0082324293855931419, -0.023586037238820877]
])
                                                              

molecule mol {
  0 1
  O    -1.3885044    1.9298523   -0.4431206
  H    -0.5238121    1.9646519   -0.0064609
  C    -2.0071056    0.7638459   -0.1083509
  C    -1.4630807   -0.1519120    0.7949930
  C    -2.1475789   -1.3295094    1.0883677
  C    -3.3743208   -1.6031427    0.4895864
  C    -3.9143727   -0.6838545   -0.4091028
  C    -3.2370496    0.4929609   -0.7096126
  H    -0.5106510    0.0566569    1.2642563
  H    -1.7151135   -2.0321452    1.7878417
  H    -3.9024664   -2.5173865    0.7197947
  H    -4.8670730   -0.8822939   -0.8811319
  H    -3.6431662    1.2134345   -1.4057590
  symmetry c1
  no_reorient
  no_com
}

set {
  scf_type df
  d_convergence 8
  e_convergence 10
  mbis_maxiter 200
  mbis_d_convergence 1e-8
  dft_pruning_scheme none
  dft_radial_points 99
  dft_spherical_points 590
}

e, wfn = energy('hf/cc-pvdz', return_wfn=True)
oeprop(wfn, 'MBIS_CHARGES', title='PhOH SCF')

charges = wfn.variable('MBIS_CHARGES')
dipoles = wfn.variable('MBIS_DIPOLES')
quadrupoles = wfn.variable('MBIS_QUADRUPOLES')
octupoles = wfn.variable('MBIS_OCTUPOLES')

compare_matrices(charges_ref, charges, 3, "MBIS Charges")             #TEST
compare_matrices(dipoles_ref, dipoles, 3, "MBIS Dipoles")             #TEST
compare_matrices(quadrupoles_ref, quadrupoles, 3, "MBIS Quadrupoles") #TEST
compare_matrices(octupoles_ref, octupoles, 3, "MBIS Octupoles")       #TEST
--------------------------------------------------------------------------

Scratch directory: /scratch/jiang/

Scratch directory: /scratch/jiang/

*** tstart() called on ds4
*** at Thu Jul 23 22:58:38 2020

   => Loading Basis Set <=

    Name: CC-PVDZ
    Role: ORBITAL
    Keyword: BASIS
    atoms 1       entry O          line   198 file /theoryfs2/ds/jiang/p4dev/psi4/objdir/stage/share/psi4/basis/cc-pvdz.gbs 
    atoms 2, 9-13 entry H          line    22 file /theoryfs2/ds/jiang/p4dev/psi4/objdir/stage/share/psi4/basis/cc-pvdz.gbs 
    atoms 3-8     entry C          line   138 file /theoryfs2/ds/jiang/p4dev/psi4/objdir/stage/share/psi4/basis/cc-pvdz.gbs 


         ---------------------------------------------------------
                                   SCF
               by Justin Turney, Rob Parrish, Andy Simmonett
                          and Daniel G. A. Smith
                              RHF Reference
                        6 Threads,    500 MiB Core
         ---------------------------------------------------------

  ==> Geometry <==

    Molecular point group: c1
    Full point group: C1

    Geometry (in Angstrom), charge = 0, multiplicity = 1:

       Center              X                  Y                   Z               Mass       
    ------------   -----------------  -----------------  -----------------  -----------------
         O           -1.388504400000     1.929852300000    -0.443120600000    15.994914619570
         H           -0.523812100000     1.964651900000    -0.006460900000     1.007825032230
         C           -2.007105600000     0.763845900000    -0.108350900000    12.000000000000
         C           -1.463080700000    -0.151912000000     0.794993000000    12.000000000000
         C           -2.147578900000    -1.329509400000     1.088367700000    12.000000000000
         C           -3.374320800000    -1.603142700000     0.489586400000    12.000000000000
         C           -3.914372700000    -0.683854500000    -0.409102800000    12.000000000000
         C           -3.237049600000     0.492960900000    -0.709612600000    12.000000000000
         H           -0.510651000000     0.056656900000     1.264256300000     1.007825032230
         H           -1.715113500000    -2.032145200000     1.787841700000     1.007825032230
         H           -3.902466400000    -2.517386500000     0.719794700000     1.007825032230
         H           -4.867073000000    -0.882293900000    -0.881131900000     1.007825032230
         H           -3.643166200000     1.213434500000    -1.405759000000     1.007825032230

  Running in c1 symmetry.

  Rotational constants: A =      0.09365  B =      0.02432  C =      0.02035 [cm^-1]
  Rotational constants: A =   2807.61059  B =    729.13625  C =    609.96348 [MHz]
  Nuclear repulsion =  271.438701642827482

  Charge       = 0
  Multiplicity = 1
  Electrons    = 50
  Nalpha       = 25
  Nbeta        = 25

  ==> Algorithm <==

  SCF Algorithm Type is DF.
  DIIS enabled.
  MOM disabled.
  Fractional occupation disabled.
  Guess Type is SAD.
  Energy threshold   = 1.00e-10
  Density threshold  = 1.00e-08
  Integral threshold = 0.00e+00

  ==> Primary Basis <==

  Basis Set: CC-PVDZ
    Blend: CC-PVDZ
    Number of shells: 60
    Number of basis function: 128
    Number of Cartesian functions: 135
    Spherical Harmonics?: true
    Max angular momentum: 2

   => Loading Basis Set <=

    Name: (CC-PVDZ AUX)
    Role: JKFIT
    Keyword: DF_BASIS_SCF
    atoms 1       entry O          line   221 file /theoryfs2/ds/jiang/p4dev/psi4/objdir/stage/share/psi4/basis/cc-pvdz-jkfit.gbs 
    atoms 2, 9-13 entry H          line    51 file /theoryfs2/ds/jiang/p4dev/psi4/objdir/stage/share/psi4/basis/cc-pvdz-jkfit.gbs 
    atoms 3-8     entry C          line   121 file /theoryfs2/ds/jiang/p4dev/psi4/objdir/stage/share/psi4/basis/cc-pvdz-jkfit.gbs 

  ==> Integral Setup <==

  DFHelper Memory: AOs need 0.082 GiB; user supplied 0.366 GiB. Using in-core AOs.

  ==> MemDFJK: Density-Fitted J/K Matrices <==

    J tasked:                   Yes
    K tasked:                   Yes
    wK tasked:                   No
    OpenMP threads:               6
    Memory [MiB]:               375
    Algorithm:                 Core
    Schwarz Cutoff:           1E-12
    Mask sparsity (%):       1.6113
    Fitting Condition:        1E-10

   => Auxiliary Basis Set <=

  Basis Set: (CC-PVDZ AUX)
    Blend: CC-PVDZ-JKFIT
    Number of shells: 222
    Number of basis function: 628
    Number of Cartesian functions: 717
    Spherical Harmonics?: true
    Max angular momentum: 3

  Minimum eigenvalue in the overlap matrix is 3.7526570362E-04.
  Reciprocal condition number of the overlap matrix is 6.3758225902E-05.
    Using symmetric orthogonalization.

  ==> Pre-Iterations <==

  SCF Guess: Superposition of Atomic Densities via on-the-fly atomic UHF (no occupation information).

   -------------------------
    Irrep   Nso     Nmo    
   -------------------------
     A        128     128 
   -------------------------
    Total     128     128
   -------------------------

  ==> Iterations <==

                           Total Energy        Delta E     RMS |[F,P]|

   @DF-RHF iter SAD:  -304.96478536505413   -3.04965e+02   0.00000e+00 
   @DF-RHF iter   1:  -305.44275587604938   -4.77971e-01   3.74994e-03 DIIS
   @DF-RHF iter   2:  -305.56403775580048   -1.21282e-01   1.64990e-03 DIIS
   @DF-RHF iter   3:  -305.58489450944012   -2.08568e-02   3.46822e-04 DIIS
   @DF-RHF iter   4:  -305.58642153320153   -1.52702e-03   1.31505e-04 DIIS
   @DF-RHF iter   5:  -305.58658487418961   -1.63341e-04   2.56695e-05 DIIS
   @DF-RHF iter   6:  -305.58659669062888   -1.18164e-05   7.99966e-06 DIIS
   @DF-RHF iter   7:  -305.58659805808293   -1.36745e-06   3.00476e-06 DIIS
   @DF-RHF iter   8:  -305.58659822221006   -1.64127e-07   1.07260e-06 DIIS
   @DF-RHF iter   9:  -305.58659825316869   -3.09586e-08   3.80955e-07 DIIS
   @DF-RHF iter  10:  -305.58659825869677   -5.52808e-09   2.13202e-07 DIIS
   @DF-RHF iter  11:  -305.58659826063064   -1.93387e-09   8.15267e-08 DIIS
   @DF-RHF iter  12:  -305.58659826096226   -3.31625e-10   2.49556e-08 DIIS
   @DF-RHF iter  13:  -305.58659826098051   -1.82467e-11   1.19009e-08 DIIS
   @DF-RHF iter  14:  -305.58659826098318   -2.67164e-12   2.75928e-09 DIIS
  Energy and wave function converged.


  ==> Post-Iterations <==

    Orbital Energies [Eh]
    ---------------------

    Doubly Occupied:                                                      

       1A    -20.590420     2A    -11.304687     3A    -11.245473  
       4A    -11.243401     5A    -11.236373     6A    -11.230083  
       7A    -11.229868     8A     -1.405330     9A     -1.146621  
      10A     -1.019493    11A     -1.004322    12A     -0.845743  
      13A     -0.821438    14A     -0.731233    15A     -0.683176  
      16A     -0.650686    17A     -0.608390    18A     -0.588925  
      19A     -0.587653    20A     -0.564639    21A     -0.514531  
      22A     -0.490242    23A     -0.480339    24A     -0.340339  
      25A     -0.311734  

    Virtual:                                                              

      26A      0.132506    27A      0.153886    28A      0.177106  
      29A      0.191172    30A      0.223045    31A      0.240314  
      32A      0.265216    33A      0.272680    34A      0.360819  
      35A      0.412859    36A      0.428212    37A      0.448231  
      38A      0.493671    39A      0.506906    40A      0.614332  
      41A      0.637241    42A      0.665358    43A      0.677502  
      44A      0.708779    45A      0.728476    46A      0.729968  
      47A      0.736706    48A      0.738797    49A      0.739923  
      50A      0.760083    51A      0.783506    52A      0.818911  
      53A      0.828068    54A      0.841243    55A      0.871777  
      56A      0.879972    57A      0.896945    58A      0.911695  
      59A      0.930047    60A      0.996470    61A      1.020081  
      62A      1.063263    63A      1.112808    64A      1.119177  
      65A      1.132908    66A      1.141470    67A      1.201838  
      68A      1.229292    69A      1.243400    70A      1.258402  
      71A      1.261320    72A      1.288076    73A      1.298835  
      74A      1.310150    75A      1.349410    76A      1.367040  
      77A      1.404272    78A      1.492714    79A      1.503695  
      80A      1.554066    81A      1.601377    82A      1.728470  
      83A      1.736739    84A      1.753697    85A      1.798167  
      86A      1.814656    87A      1.863657    88A      1.875447  
      89A      1.894079    90A      1.918092    91A      1.920199  
      92A      1.921351    93A      1.946959    94A      1.950022  
      95A      1.989859    96A      2.041118    97A      2.065411  
      98A      2.083790    99A      2.128876   100A      2.145882  
     101A      2.156887   102A      2.160261   103A      2.164928  
     104A      2.214352   105A      2.267623   106A      2.295487  
     107A      2.304886   108A      2.366312   109A      2.443958  
     110A      2.488859   111A      2.504466   112A      2.523540  
     113A      2.622320   114A      2.738238   115A      2.775903  
     116A      2.797253   117A      2.816648   118A      2.943708  
     119A      2.988773   120A      3.080750   121A      3.178547  
     122A      3.255097   123A      3.267822   124A      3.333382  
     125A      3.581277   126A      3.717447   127A      3.978400  
     128A      4.198922  

    Final Occupation by Irrep:
              A 
    DOCC [    25 ]

  @DF-RHF Final Energy:  -305.58659826098318

   => Energetics <=

    Nuclear Repulsion Energy =            271.4387016428274819
    One-Electron Energy =                -952.3003242144912974
    Two-Electron Energy =                 375.2750243106806352
    Total Energy =                       -305.5865982609831804

Computation Completed


Properties will be evaluated at   0.000000,   0.000000,   0.000000 [a0]

Properties computed using the SCF density matrix

  Nuclear Dipole Moment: [e a0]
     X:  -232.6846      Y:    -3.4543      Z:     9.0874

  Electronic Dipole Moment: [e a0]
     X:   233.0767      Y:     3.2418      Z:    -8.7650

  Dipole Moment: [e a0]
     X:     0.3922      Y:    -0.2125      Z:     0.3224     Total:     0.5504

  Dipole Moment: [D]
     X:     0.9968      Y:    -0.5402      Z:     0.8195     Total:     1.3989


*** tstop() called on ds4 at Thu Jul 23 22:58:40 2020
Module time:
	user time   =       5.68 seconds =       0.09 minutes
	system time =       0.14 seconds =       0.00 minutes
	total time  =          2 seconds =       0.03 minutes
Total time:
	user time   =       5.68 seconds =       0.09 minutes
	system time =       0.14 seconds =       0.00 minutes
	total time  =          2 seconds =       0.03 minutes


Properties will be evaluated at   0.000000,   0.000000,   0.000000 [a0]

Properties computed using the PhOH SCF density matrix

  ==> Computing MBIS Charges <==

  MBIS Charges: (a.u.)
   Center  Symbol  Z      Pop.       Charge
      1       O    8    8.617660   -0.617660
      2       H    1    0.546599    0.453401
      3       C    6    5.540308    0.459692
      4       C    6    6.382669   -0.382669
      5       C    6    6.021247   -0.021247
      6       C    6    6.224376   -0.224376
      7       C    6    6.041525   -0.041525
      8       C    6    6.314676   -0.314676
      9       H    1    0.854404    0.145596
     10       H    1    0.879053    0.120947
     11       H    1    0.862894    0.137106
     12       H    1    0.876090    0.123910
     13       H    1    0.838502    0.161498

  MBIS Dipoles: [e a0]
   Center  Symbol  Z        X           Y           Z
      1       O    8   -0.096545   -0.033536   -0.030644
      2       H    1    0.025458    0.001437    0.012397
      3       C    6    0.052712    0.131628   -0.044213
      4       C    6    0.016009   -0.044369    0.040039
      5       C    6    0.010758    0.018196   -0.003904
      6       C    6   -0.004714    0.000366   -0.003228
      7       C    6    0.005751    0.005164    0.000677
      8       C    6   -0.026749    0.007603   -0.019835
      9       H    1    0.044194    0.001592    0.027437
     10       H    1    0.025530   -0.039888    0.040305
     11       H    1   -0.028047   -0.047961    0.011890
     12       H    1   -0.054277   -0.010749   -0.027182
     13       H    1   -0.018158    0.037538   -0.034396

  MBIS Quadrupoles: [e ao^2]
   Center  Symbol  Z      XX        XY        XZ        YY        YZ        ZZ
      1       O    8   -4.2509    0.0357    0.0221   -4.2834   -0.0085   -4.3141
      2       H    1   -0.2467    0.0016    0.0032   -0.2456   -0.0044   -0.2508
      3       C    6   -3.7202    0.0151   -0.1013   -3.5874    0.0248   -3.6483
      4       C    6   -5.0518   -0.0374   -0.0126   -5.1619    0.0838   -5.0507
      5       C    6   -4.4724   -0.0809   -0.0454   -4.4474    0.0281   -4.3650
      6       C    6   -4.8325    0.0150   -0.0884   -4.7690    0.0482   -4.7903
      7       C    6   -4.4382   -0.0317   -0.0335   -4.5333    0.0909   -4.4292
      8       C    6   -4.9586   -0.0563   -0.0508   -4.8891    0.0089   -4.8561
      9       H    1   -0.4814    0.0006    0.0030   -0.4690   -0.0102   -0.4784
     10       H    1   -0.4826    0.0109    0.0044   -0.4872   -0.0012   -0.4969
     11       H    1   -0.4736   -0.0020    0.0121   -0.4826   -0.0064   -0.4796
     12       H    1   -0.4913    0.0025    0.0019   -0.4771   -0.0105   -0.4891
     13       H    1   -0.4493    0.0114    0.0046   -0.4534   -0.0017   -0.4638

  MBIS Octupoles: [e a0^3]
   Center  Symbol  Z      XXX       XXY       XXZ       XYY       XYZ       XZZ       YYY       YYZ       YZZ       ZZZ
      1       O    8   -0.3206    0.0485   -0.1274    0.0923   -0.0431   -0.1016    0.1758   -0.0926   -0.0161   -0.0626
      2       H    1    0.0192   -0.0008    0.0035    0.0061    0.0011    0.0051    0.0006    0.0003    0.0010    0.0110
      3       C    6    0.2349    0.0598    0.0124   -0.2114    0.1036    0.0655    0.1615    0.0059    0.2093   -0.2000
      4       C    6   -0.0821   -0.1208   -0.0722    0.2622   -0.1689    0.0964    0.1088    0.0788   -0.1345    0.2872
      5       C    6    0.3162    0.0004    0.1448   -0.1704    0.1443    0.0200   -0.2136    0.0001    0.0940    0.0363
      6       C    6   -0.3292   -0.0656   -0.1203    0.1809   -0.1507   -0.0187    0.0005    0.0682   -0.1724    0.0934
      7       C    6    0.0643    0.0063    0.1103   -0.2507    0.1339   -0.0569   -0.1568   -0.0833    0.1007   -0.1450
      8       C    6   -0.3312    0.0714   -0.2101    0.2238   -0.1581   -0.0238    0.3411    0.0293   -0.0789   -0.0950
      9       H    1    0.0266   -0.0054    0.0074    0.0114   -0.0016    0.0102   -0.0132    0.0117   -0.0061    0.0294
     10       H    1    0.0273   -0.0090    0.0132    0.0023    0.0032    0.0074   -0.0314    0.0097   -0.0067    0.0291
     11       H    1   -0.0269   -0.0123    0.0006   -0.0026   -0.0031   -0.0074   -0.0334    0.0034   -0.0149    0.0100
     12       H    1   -0.0359   -0.0022   -0.0045   -0.0186    0.0034   -0.0140   -0.0106   -0.0082    0.0006   -0.0224
     13       H    1   -0.0133    0.0098   -0.0110   -0.0002   -0.0021   -0.0029    0.0315   -0.0060    0.0082   -0.0236
    MBIS Charges..........................................................................PASSED
    MBIS Dipoles..........................................................................PASSED
    MBIS Quadrupoles......................................................................PASSED
    MBIS Octupoles........................................................................PASSED

    Psi4 stopped on: Thursday, 23 July 2020 10:59PM
    Psi4 wall time for execution: 0:00:41.80

*** Psi4 exiting successfully. Buy a developer a beer!
